[fresnoposible.fresnodigital.info/index.html]
[fresnoposible.fresnodigital.info/xmlrpc.php]
[backblue.gif]
[fade.gif]
[index.html]
[fresnoposible.fresnodigital.info/wp-content/themes/twentyfifteen/genericons/genericonscf1b.css]
[fresnoposible.fresnodigital.info/indexd784.html]
[fresnoposible.fresnodigital.info/wp-content/themes/twentyfifteen/style31a4.css]
[fresnoposible.fresnodigital.info/indexa6da.html]
[fresnoposible.fresnodigital.info/wp-includes/js/jquery/jquery-migrate.min1576.js]
[fresnoposible.fresnodigital.info/xmlrpc0db0.php]
[fresnoposible.fresnodigital.info/wp-includes/wlwmanifest.xml]
[fresnoposible.fresnodigital.info/wp-content/uploads/2012/10/p10103362.jpg]
[fresnoposible.fresnodigital.info/indexb616.html]
[fresnoposible.fresnodigital.info/wp-includes/js/jquery/jquery90f9.js]
[fresnoposible.fresnodigital.info/index4c00.html]
[fresnoposible.fresnodigital.info/wp-content/uploads/2012/10/p10103362-300x225.jpg]
[fresnoposible.fresnodigital.info/index7ff0.html]
[fresnoposible.fresnodigital.info/indexe28f.html]
[fresnoposible.fresnodigital.info/wp-content/uploads/2012/10/p10102861.jpg]
[fresnoposible.fresnodigital.info/indexc492.html]
[fresnoposible.fresnodigital.info/wp-content/uploads/2012/10/p10102861-300x225.jpg]
[fresnoposible.fresnodigital.info/index3b72.html]
[fresnoposible.fresnodigital.info/wp-content/uploads/2012/08/p1010154.jpg]
[fresnoposible.fresnodigital.info/indexcc8a.html]
[fresnoposible.fresnodigital.info/wp-content/uploads/2012/08/p1010154-300x225.jpg]
[fresnoposible.fresnodigital.info/index57fd.html]
[fresnoposible.fresnodigital.info/wp-content/uploads/2012/08/p1010189.jpg]
[fresnoposible.fresnodigital.info/index85da.html]
[fresnoposible.fresnodigital.info/wp-content/uploads/2012/08/p1010189-300x225.jpg]
[fresnoposible.fresnodigital.info/indexe527.html]
[fresnoposible.fresnodigital.info/wp-content/uploads/2012/08/p10101791.jpg]
[fresnoposible.fresnodigital.info/index3d3a.html]
[fresnoposible.fresnodigital.info/wp-content/uploads/2012/08/p10101791-300x225.jpg]
[fresnoposible.fresnodigital.info/indexc4a7.html]
[fresnoposible.fresnodigital.info/wp-content/uploads/2012/08/p10101752.jpg]
[fresnoposible.fresnodigital.info/indexd7ad.html]
[fresnoposible.fresnodigital.info/wp-content/uploads/2012/08/p10101752-300x225.jpg]
[fresnoposible.fresnodigital.info/indexd079.html]
[fresnoposible.fresnodigital.info/wp-content/uploads/2012/07/459013_106446082831405_988314365_o1.jpg]
[fresnoposible.fresnodigital.info/index0743.html]
[fresnoposible.fresnodigital.info/wp-content/uploads/2012/07/459013_106446082831405_988314365_o1-300x225.jpg]
[fresnoposible.fresnodigital.info/index5534.html]
[fresnoposible.fresnodigital.info/wp-content/uploads/2012/07/p42201411.jpg]
[fresnoposible.fresnodigital.info/index0d2a.html]
[fresnoposible.fresnodigital.info/wp-content/uploads/2012/07/p42201411-300x225.jpg]
[fresnoposible.fresnodigital.info/indexcbc0.html]
[fresnoposible.fresnodigital.info/wp-content/uploads/2012/05/img_48181.jpg]
[fresnoposible.fresnodigital.info/index3f35.html]
[fresnoposible.fresnodigital.info/wp-content/uploads/2012/05/img_48181-300x225.jpg]
[fresnoposible.fresnodigital.info/index823c.html]
[fresnoposible.fresnodigital.info/wp-content/uploads/2012/05/img_48381.jpg]
[fresnoposible.fresnodigital.info/index29b3.html]
[fresnoposible.fresnodigital.info/wp-content/uploads/2012/05/img_48381-300x225.jpg]
[fresnoposible.fresnodigital.info/indexdef7.html]
[fresnoposible.fresnodigital.info/wp-content/uploads/2012/05/img_48411.jpg]
[fresnoposible.fresnodigital.info/index0929.html]
[fresnoposible.fresnodigital.info/wp-content/uploads/2012/05/img_48411-300x225.jpg]
[fresnoposible.fresnodigital.info/indexde88.html]
[fresnoposible.fresnodigital.info/wp-content/uploads/2012/05/img_48421.jpg]
[fresnoposible.fresnodigital.info/index9b14.html]
[fresnoposible.fresnodigital.info/wp-content/uploads/2012/05/img_48421-300x225.jpg]
[fresnoposible.fresnodigital.info/index3598.html]
[fresnoposible.fresnodigital.info/wp-content/uploads/2012/05/p1060998p2.jpg]
[fresnoposible.fresnodigital.info/index0aef.html]
[fresnoposible.fresnodigital.info/wp-content/uploads/2012/05/p1060998p2-300x199.jpg]
[fresnoposible.fresnodigital.info/indexb976.html]
[fresnoposible.fresnodigital.info/wp-content/uploads/2012/05/camilad.jpg]
[fresnoposible.fresnodigital.info/index62cc.html]
[fresnoposible.fresnodigital.info/wp-content/uploads/2012/05/camilad-300x199.jpg]
[fresnoposible.fresnodigital.info/indexa80d.html]
[fresnoposible.fresnodigital.info/wp-content/uploads/2012/04/promocion-de-salud-en-la-penitenciaria-de-fresno.jpg]
[fresnoposible.fresnodigital.info/index512b.html]
[fresnoposible.fresnodigital.info/wp-content/uploads/2012/04/promocion-de-salud-en-la-penitenciaria-de-fresno-300x225.jpg]
[fresnoposible.fresnodigital.info/index08fb.html]
[fresnoposible.fresnodigital.info/wp-content/uploads/2012/04/entrega-de-certificados.jpg]
[fresnoposible.fresnodigital.info/index8956.html]
[fresnoposible.fresnodigital.info/wp-content/uploads/2012/04/entrega-de-certificados-300x225.jpg]
[fresnoposible.fresnodigital.info/indexa1aa.html]
[fresnoposible.fresnodigital.info/wp-content/uploads/2012/03/p10200051.jpg]
[fresnoposible.fresnodigital.info/indexe3d5.html]
[fresnoposible.fresnodigital.info/wp-content/uploads/2012/03/p10200051-300x225.jpg]
[fresnoposible.fresnodigital.info/index9ab9.html]
[fresnoposible.fresnodigital.info/wp-content/uploads/2012/04/ninos-felices-con-la-facilitadora-de-procesos-de-aprendizje.jpg]
[fresnoposible.fresnodigital.info/indexf258.html]
[fresnoposible.fresnodigital.info/wp-content/uploads/2012/04/ninos-felices-con-la-facilitadora-de-procesos-de-aprendizje-225x300.jpg]
[fresnoposible.fresnodigital.info/index451d.html]
[fresnoposible.fresnodigital.info/wp-content/uploads/2012/03/p1020160.jpg]
[fresnoposible.fresnodigital.info/index9907.html]
[fresnoposible.fresnodigital.info/wp-content/uploads/2012/03/p1020160-300x225.jpg]
[fresnoposible.fresnodigital.info/index17e8.html]
[fresnoposible.fresnodigital.info/wp-content/uploads/2012/03/p1020168.jpg]
[fresnoposible.fresnodigital.info/index8988.html]
[fresnoposible.fresnodigital.info/wp-content/uploads/2012/03/p1020168-300x225.jpg]
[fresnoposible.fresnodigital.info/index55f6.html]
[fresnoposible.fresnodigital.info/wp-content/uploads/2012/03/p1030039.jpg]
[fresnoposible.fresnodigital.info/indexd4c3.html]
[fresnoposible.fresnodigital.info/wp-content/uploads/2012/03/p1030039-300x225.jpg]
[fresnoposible.fresnodigital.info/index3f71.html]
[fresnoposible.fresnodigital.info/index62bc.html]
[fresnoposible.fresnodigital.info/wp-content/uploads/2012/03/p1020015.jpg]
[fresnoposible.fresnodigital.info/index245e.html]
[fresnoposible.fresnodigital.info/wp-content/uploads/2012/03/p1020015-300x225.jpg]
[fresnoposible.fresnodigital.info/index23a8.html]
[fresnoposible.fresnodigital.info/wp-content/uploads/2012/03/p10200071.jpg]
[fresnoposible.fresnodigital.info/indexd13e.html]
[fresnoposible.fresnodigital.info/wp-content/uploads/2012/03/p10200071-300x225.jpg]
[fresnoposible.fresnodigital.info/indexf167.html]
[fresnoposible.fresnodigital.info/wp-content/uploads/2012/02/hector-botero.jpg]
[fresnoposible.fresnodigital.info/index4b0e.html]
[fresnoposible.fresnodigital.info/wp-content/uploads/2012/02/hector-botero-300x225.jpg]
[fresnoposible.fresnodigital.info/index2bcd.html]
[fresnoposible.fresnodigital.info/wp-content/themes/twentyfifteen/js/skip-link-focus-fixd01e.js]
[fresnoposible.fresnodigital.info/indexcd64.html]
[fresnoposible.fresnodigital.info/index55df.html]
[fresnoposible.fresnodigital.info/wp-content/themes/twentyfifteen/js/functionsd7c8.js]
[fresnoposible.fresnodigital.info/index.html]
[fresnoposible.fresnodigital.info/indexa123.html]
[fresnoposible.fresnodigital.info/xmlrpc.html]
[fresnoposible.fresnodigital.info/index6146.html]
[fresnoposible.fresnodigital.info/wp-content/themes/twentyfifteen/genericons/Genericons.eot]
[fresnoposible.fresnodigital.info/indexb2de.html]
[fresnoposible.fresnodigital.info/wp-content/themes/twentyfifteen/genericons/genericonscf1b.css]
[fresnoposible.fresnodigital.info/wp-content/themes/twentyfifteen/style31a4.css]
[fresnoposible.fresnodigital.info/xmlrpc0db0.html]
[fresnoposible.fresnodigital.info/wp-includes/js/comment-reply.min31a4.js]
[fresnoposible.fresnodigital.info/indexb616.html]
[fresnoposible.fresnodigital.info/indexf17d.html]
[fresnoposible.fresnodigital.info/index4c00.html]
[fresnoposible.fresnodigital.info/index7ff0.html]
[fresnoposible.fresnodigital.info/indexe145.html]
[fresnoposible.fresnodigital.info/indexe28f.html]
[fresnoposible.fresnodigital.info/index57e7.html]
[fresnoposible.fresnodigital.info/index9b84.html]
[fresnoposible.fresnodigital.info/indexeac3.html]
[fresnoposible.fresnodigital.info/indexc492.html]
[fresnoposible.fresnodigital.info/index8eaf.html]
[fresnoposible.fresnodigital.info/index3b72.html]
[fresnoposible.fresnodigital.info/index2758.html]
[fresnoposible.fresnodigital.info/indexffa6.html]
[fresnoposible.fresnodigital.info/indexcc8a.html]
[fresnoposible.fresnodigital.info/index7a92.html]
[fresnoposible.fresnodigital.info/index57fd.html]
[fresnoposible.fresnodigital.info/indexd251.html]
[fresnoposible.fresnodigital.info/index63ec.html]
[fresnoposible.fresnodigital.info/index85da.html]
[fresnoposible.fresnodigital.info/index2207.html]
[fresnoposible.fresnodigital.info/indexc070.html]
[fresnoposible.fresnodigital.info/indexe527.html]
[fresnoposible.fresnodigital.info/index094d.html]
[fresnoposible.fresnodigital.info/indexc4bc.html]
[fresnoposible.fresnodigital.info/index3d3a.html]
[fresnoposible.fresnodigital.info/index2cce.html]
[fresnoposible.fresnodigital.info/indexf834.html]
[fresnoposible.fresnodigital.info/indexc4a7.html]
[fresnoposible.fresnodigital.info/index7665.html]
[fresnoposible.fresnodigital.info/indexff45.html]
[fresnoposible.fresnodigital.info/indexd7ad.html]
[fresnoposible.fresnodigital.info/index6cf3.html]
[fresnoposible.fresnodigital.info/index357a.html]
[fresnoposible.fresnodigital.info/indexd079.html]
[fresnoposible.fresnodigital.info/index96f1.html]
[fresnoposible.fresnodigital.info/indexc5f6.html]
[fresnoposible.fresnodigital.info/index0743.html]
[fresnoposible.fresnodigital.info/index1098.html]
[fresnoposible.fresnodigital.info/index5534.html]
[fresnoposible.fresnodigital.info/index5c2f.html]
[fresnoposible.fresnodigital.info/index2dc8.html]
[fresnoposible.fresnodigital.info/index118e.html]
[fresnoposible.fresnodigital.info/index5e74.html]
[fresnoposible.fresnodigital.info/wp-content/uploads/2008/11/grafico2.jpg]
[fresnoposible.fresnodigital.info/indexdc14.html]
[fresnoposible.fresnodigital.info/indexe2dc.html]
[fresnoposible.fresnodigital.info/wp-content/uploads/2008/11/grafico2-300x118.jpg]
[fresnoposible.fresnodigital.info/index8d4b.html]
[fresnoposible.fresnodigital.info/wp-content/uploads/2008/11/grafico3.jpg]
[fresnoposible.fresnodigital.info/wp-content/uploads/2008/11/grafico3-300x159.jpg]
[fresnoposible.fresnodigital.info/index0d2a.html]
[fresnoposible.fresnodigital.info/index42dc.html]
[fresnoposible.fresnodigital.info/index914b.html]
[fresnoposible.fresnodigital.info/indexcbc0.html]
[fresnoposible.fresnodigital.info/index341b.html]
[fresnoposible.fresnodigital.info/index3f35.html]
[fresnoposible.fresnodigital.info/index88b9.html]
[fresnoposible.fresnodigital.info/index4c11.html]
[fresnoposible.fresnodigital.info/wp-content/uploads/2011/04/sawabona2.pps]
[fresnoposible.fresnodigital.info/index823c.html]
[fresnoposible.fresnodigital.info/index2df4.html]
[fresnoposible.fresnodigital.info/index29b3.html]
[fresnoposible.fresnodigital.info/indexdef7.html]
[fresnoposible.fresnodigital.info/index0929.html]
[fresnoposible.fresnodigital.info/indexde88.html]
[fresnoposible.fresnodigital.info/index9b14.html]
[fresnoposible.fresnodigital.info/index3598.html]
[fresnoposible.fresnodigital.info/index969b.html]
[fresnoposible.fresnodigital.info/indexa040.html]
[fresnoposible.fresnodigital.info/wp-content/uploads/2012/02/p1020003.jpg]
[fresnoposible.fresnodigital.info/wp-content/uploads/2012/02/p1020001.jpg]
[fresnoposible.fresnodigital.info/index8372.html]
[fresnoposible.fresnodigital.info/wp-content/uploads/2012/02/p1020001-300x225.jpg]
[fresnoposible.fresnodigital.info/wp-content/uploads/2012/02/p1020003-300x225.jpg]
[fresnoposible.fresnodigital.info/wp-content/uploads/2012/02/iniciokolping1.jpg]
[fresnoposible.fresnodigital.info/index93f8.html]
[fresnoposible.fresnodigital.info/wp-content/uploads/2012/02/iniciokolping2.jpg]
[fresnoposible.fresnodigital.info/wp-content/uploads/2012/02/ensalonparroquia.jpg]
[fresnoposible.fresnodigital.info/index0acd.html]
[fresnoposible.fresnodigital.info/wp-content/uploads/2012/02/ensalonparroquia2.jpg]
[fresnoposible.fresnodigital.info/wp-content/uploads/2012/02/promocion-de-salud-en-la-penitenciaria-de-fresno.jpg]
[fresnoposible.fresnodigital.info/index81db.html]
[fresnoposible.fresnodigital.info/wp-content/uploads/2012/02/promocion-de-salud-en-la-penitenciaria-de-fresno-300x225.jpg]
[fresnoposible.fresnodigital.info/wp-content/uploads/2012/02/desarrollo-humano-en-la-penitenciaria-de-fresno.jpg]
[fresnoposible.fresnodigital.info/indexc535.html]
[fresnoposible.fresnodigital.info/wp-content/uploads/2012/02/desarrollo-humano-en-la-penitenciaria-de-fresno-300x225.jpg]
[fresnoposible.fresnodigital.info/wp-content/uploads/2012/02/p1010212.jpg]
[fresnoposible.fresnodigital.info/index5b8d.html]
[fresnoposible.fresnodigital.info/wp-content/uploads/2012/02/p1010212-300x225.jpg]
[fresnoposible.fresnodigital.info/wp-content/uploads/2012/02/p1010214.jpg]
[fresnoposible.fresnodigital.info/wp-content/uploads/2012/02/p1010214-300x225.jpg]
[fresnoposible.fresnodigital.info/index0aef.html]
[fresnoposible.fresnodigital.info/wp-content/uploads/2011/11/trabajoencali1-150x150.jpg]
[fresnoposible.fresnodigital.info/indexa379.html]
[fresnoposible.fresnodigital.info/wp-content/uploads/2011/11/trabajoencali2-150x150.jpg]
[fresnoposible.fresnodigital.info/indexa644.html]
[fresnoposible.fresnodigital.info/wp-content/uploads/2011/11/cine1-150x150.jpg]
[fresnoposible.fresnodigital.info/index096f.html]
[fresnoposible.fresnodigital.info/wp-content/uploads/2011/11/cine2-150x150.jpg]
[fresnoposible.fresnodigital.info/index62bf.html]
[fresnoposible.fresnodigital.info/wp-content/uploads/2011/11/teleconferencia.jpg]
[fresnoposible.fresnodigital.info/index69ef.html]
[fresnoposible.fresnodigital.info/wp-content/uploads/2011/11/teleconferencia-300x225.jpg]
[fresnoposible.fresnodigital.info/index99cd.html]
[fresnoposible.fresnodigital.info/wp-content/uploads/2011/11/musica2-150x150.jpg]
[fresnoposible.fresnodigital.info/index03c9.html]
[fresnoposible.fresnodigital.info/index45ff.html]
[fresnoposible.fresnodigital.info/wp-content/uploads/2011/11/artesmarciales1-150x150.jpg]
[fresnoposible.fresnodigital.info/index406f.html]
[fresnoposible.fresnodigital.info/wp-content/uploads/2011/11/artesmarciales2-150x150.jpg]
[fresnoposible.fresnodigital.info/index960c.html]
[fresnoposible.fresnodigital.info/indexf378.html]
[fresnoposible.fresnodigital.info/wp-content/uploads/2011/11/extracurriculo1-150x150.jpg]
[fresnoposible.fresnodigital.info/index82ff.html]
[fresnoposible.fresnodigital.info/wp-content/uploads/2011/11/extracurriculo2-150x150.jpg]
[fresnoposible.fresnodigital.info/index46de.html]
[fresnoposible.fresnodigital.info/wp-content/uploads/2011/11/artesanias1-150x150.jpg]
[fresnoposible.fresnodigital.info/index05f7.html]
[fresnoposible.fresnodigital.info/wp-content/uploads/2011/11/artesanias2-150x150.jpg]
[fresnoposible.fresnodigital.info/indexb976.html]
[fresnoposible.fresnodigital.info/index845c.html]
[fresnoposible.fresnodigital.info/index62cc.html]
[fresnoposible.fresnodigital.info/index7cc7.html]
[fresnoposible.fresnodigital.info/indexbb19.html]
[fresnoposible.fresnodigital.info/index94aa.html]
[fresnoposible.fresnodigital.info/index044f.html]
[fresnoposible.fresnodigital.info/wp-content/uploads/2011/05/p1030364.jpg]
[fresnoposible.fresnodigital.info/index6a35.html]
[fresnoposible.fresnodigital.info/wp-content/uploads/2011/05/p1030364-300x225.jpg]
[fresnoposible.fresnodigital.info/wp-content/uploads/2011/05/p1030368.jpg]
[fresnoposible.fresnodigital.info/wp-content/uploads/2011/05/p1030368-300x225.jpg]
[fresnoposible.fresnodigital.info/wp-content/uploads/2011/05/p1010018.jpg]
[fresnoposible.fresnodigital.info/indexcc08.html]
[fresnoposible.fresnodigital.info/wp-content/uploads/2011/05/p1010018-300x225.jpg]
[fresnoposible.fresnodigital.info/wp-content/uploads/2011/05/p1010020.jpg]
[fresnoposible.fresnodigital.info/wp-content/uploads/2011/05/p1010020-300x225.jpg]
[fresnoposible.fresnodigital.info/wp-content/uploads/2011/05/p1010011.jpg]
[fresnoposible.fresnodigital.info/index912b.html]
[fresnoposible.fresnodigital.info/wp-content/uploads/2011/05/p1010011-300x225.jpg]
[fresnoposible.fresnodigital.info/wp-content/uploads/2011/05/p1010012.jpg]
[fresnoposible.fresnodigital.info/wp-content/uploads/2011/05/p1010012-300x225.jpg]
[fresnoposible.fresnodigital.info/wp-content/uploads/2011/05/p1040002.jpg]
[fresnoposible.fresnodigital.info/indexda6e.html]
[fresnoposible.fresnodigital.info/wp-content/uploads/2011/05/p1040002-300x225.jpg]
[fresnoposible.fresnodigital.info/wp-content/uploads/2011/05/p1040006.jpg]
[fresnoposible.fresnodigital.info/wp-content/uploads/2011/05/p1040006-300x225.jpg]
[fresnoposible.fresnodigital.info/wp-content/uploads/2011/05/p1030320.jpg]
[fresnoposible.fresnodigital.info/index0a18.html]
[fresnoposible.fresnodigital.info/wp-content/uploads/2011/05/p1030320-300x225.jpg]
[fresnoposible.fresnodigital.info/wp-content/uploads/2011/05/28.jpg]
[fresnoposible.fresnodigital.info/wp-content/uploads/2011/05/28-300x225.jpg]
[fresnoposible.fresnodigital.info/wp-content/uploads/2011/05/27-04-11.jpg]
[fresnoposible.fresnodigital.info/index2807.html]
[fresnoposible.fresnodigital.info/wp-content/uploads/2011/05/27-04-11-300x225.jpg]
[fresnoposible.fresnodigital.info/wp-content/uploads/2011/05/p1010009.jpg]
[fresnoposible.fresnodigital.info/wp-content/uploads/2011/05/p1010009-300x225.jpg]
[fresnoposible.fresnodigital.info/indexa80d.html]
[fresnoposible.fresnodigital.info/wp-content/uploads/2011/04/escuela-de-padres.jpg]
[fresnoposible.fresnodigital.info/indexd526.html]
[fresnoposible.fresnodigital.info/wp-content/uploads/2011/04/escuela-de-padres-300x225.jpg]
[fresnoposible.fresnodigital.info/wp-content/uploads/2011/04/cena-profondos-3.jpg]
[fresnoposible.fresnodigital.info/index6595.html]
[fresnoposible.fresnodigital.info/wp-content/uploads/2011/04/cena-profondos-3-300x225.jpg]
[fresnoposible.fresnodigital.info/wp-content/uploads/2011/04/clase-de-musica.jpg]
[fresnoposible.fresnodigital.info/index7014.html]
[fresnoposible.fresnodigital.info/wp-content/uploads/2011/04/clase-de-musica-300x225.jpg]
[fresnoposible.fresnodigital.info/wp-content/uploads/2011/04/trabajo-con-jovenes1.jpg]
[fresnoposible.fresnodigital.info/index06d3.html]
[fresnoposible.fresnodigital.info/wp-content/uploads/2011/04/trabajo-con-jovenes1-300x225.jpg]
[fresnoposible.fresnodigital.info/wp-content/uploads/2011/04/reunion-kolping.jpg]
[fresnoposible.fresnodigital.info/index9e0f.html]
[fresnoposible.fresnodigital.info/wp-content/uploads/2011/04/reunion-kolping-300x225.jpg]
[fresnoposible.fresnodigital.info/wp-content/uploads/2011/04/trabajo-de-equipo.jpg]
[fresnoposible.fresnodigital.info/index4fd2.html]
[fresnoposible.fresnodigital.info/wp-content/uploads/2011/04/trabajo-de-equipo-300x225.jpg]
[fresnoposible.fresnodigital.info/wp-content/uploads/2011/04/reunion-alianza-futuro.jpg]
[fresnoposible.fresnodigital.info/indexe982.html]
[fresnoposible.fresnodigital.info/wp-content/uploads/2011/04/reunion-alianza-futuro-300x225.jpg]
[fresnoposible.fresnodigital.info/index512b.html]
[fresnoposible.fresnodigital.info/wp-content/uploads/2011/03/dsc03047.jpg]
[fresnoposible.fresnodigital.info/index88c3.html]
[fresnoposible.fresnodigital.info/wp-content/uploads/2011/03/dsc03047-300x225.jpg]
[fresnoposible.fresnodigital.info/wp-content/uploads/2011/03/dsc03050.jpg]
[fresnoposible.fresnodigital.info/wp-content/uploads/2011/03/dsc03050-300x225.jpg]
[fresnoposible.fresnodigital.info/wp-content/uploads/2011/03/p1030031.jpg]
[fresnoposible.fresnodigital.info/index1263.html]
[fresnoposible.fresnodigital.info/wp-content/uploads/2011/03/p1030031-300x225.jpg]
[fresnoposible.fresnodigital.info/wp-content/uploads/2011/03/p10300331.jpg]
[fresnoposible.fresnodigital.info/wp-content/uploads/2011/03/p10300331-300x225.jpg]
[fresnoposible.fresnodigital.info/wp-content/uploads/2011/03/p1030071.jpg]
[fresnoposible.fresnodigital.info/wp-content/uploads/2011/03/p1030071-300x225.jpg]
[fresnoposible.fresnodigital.info/wp-content/uploads/2011/03/p10300731.jpg]
[fresnoposible.fresnodigital.info/wp-content/uploads/2011/03/p10300731-300x225.jpg]
[fresnoposible.fresnodigital.info/index08fb.html]
[fresnoposible.fresnodigital.info/wp-content/uploads/2010/12/video-clase-de-musica.avi]
[fresnoposible.fresnodigital.info/index8956.html]
[fresnoposible.fresnodigital.info/indexd519.html]
[fresnoposible.fresnodigital.info/wp-content/uploads/2010/11/027.jpg]
[fresnoposible.fresnodigital.info/index2d8c.html]
[fresnoposible.fresnodigital.info/wp-content/uploads/2010/11/027-225x300.jpg]
[fresnoposible.fresnodigital.info/wp-content/uploads/2010/11/026.jpg]
[fresnoposible.fresnodigital.info/index0449.html]
[fresnoposible.fresnodigital.info/wp-content/uploads/2010/11/026-225x300.jpg]
[fresnoposible.fresnodigital.info/wp-content/uploads/2010/11/025.jpg]
[fresnoposible.fresnodigital.info/indexead8.html]
[fresnoposible.fresnodigital.info/wp-content/uploads/2010/11/025-225x300.jpg]
[fresnoposible.fresnodigital.info/wp-content/uploads/2010/11/respuesta-de-los-fresnenses1.jpg]
[fresnoposible.fresnodigital.info/index60bd.html]
[fresnoposible.fresnodigital.info/wp-content/uploads/2010/11/respuesta-de-los-fresnenses1-150x150.jpg]
[fresnoposible.fresnodigital.info/wp-content/uploads/2010/11/cuenteros1.jpg]
[fresnoposible.fresnodigital.info/wp-content/uploads/2010/11/cuenteros1-150x150.jpg]
[fresnoposible.fresnodigital.info/wp-content/uploads/2010/11/poesia-viva.jpg]
[fresnoposible.fresnodigital.info/wp-content/uploads/2010/11/poesia-viva-150x150.jpg]
[fresnoposible.fresnodigital.info/wp-content/uploads/2010/11/actores-del-la-compania-a-cantaros-de-manizales1.jpg]
[fresnoposible.fresnodigital.info/wp-content/uploads/2010/11/actores-del-la-compania-a-cantaros-de-manizales1-150x150.jpg]
[fresnoposible.fresnodigital.info/wp-content/uploads/2010/11/actor-del-monologo-matando-el-tiempo.jpg]
[fresnoposible.fresnodigital.info/wp-content/uploads/2010/11/actor-del-monologo-matando-el-tiempo-150x150.jpg]
[fresnoposible.fresnodigital.info/wp-content/uploads/2010/11/conversatorio.jpg]
[fresnoposible.fresnodigital.info/wp-content/uploads/2010/11/conversatorio-150x150.jpg]
[fresnoposible.fresnodigital.info/wp-content/uploads/2010/11/actores-de-la-obra-el-monte-calvo.jpg]
[fresnoposible.fresnodigital.info/wp-content/uploads/2010/11/actores-de-la-obra-el-monte-calvo-150x150.jpg]
[fresnoposible.fresnodigital.info/wp-content/uploads/2010/11/actores-de-la-obra-donde-el-viento-hace-bunuelos.jpg]
[fresnoposible.fresnodigital.info/wp-content/uploads/2010/11/actores-de-la-obra-donde-el-viento-hace-bunuelos-150x150.jpg]
[fresnoposible.fresnodigital.info/indexa1aa.html]
[fresnoposible.fresnodigital.info/wp-content/uploads/2010/10/028.jpg]
[fresnoposible.fresnodigital.info/wp-content/uploads/2010/10/028-300x225.jpg]
[fresnoposible.fresnodigital.info/index9f0a.html]
[fresnoposible.fresnodigital.info/wp-content/uploads/2010/10/027.jpg]
[fresnoposible.fresnodigital.info/index5ee4.html]
[fresnoposible.fresnodigital.info/wp-content/uploads/2010/10/027-225x300.jpg]
[fresnoposible.fresnodigital.info/wp-content/uploads/2010/10/025.jpg]
[fresnoposible.fresnodigital.info/index4c85.html]
[fresnoposible.fresnodigital.info/wp-content/uploads/2010/10/025-300x225.jpg]
[fresnoposible.fresnodigital.info/wp-content/uploads/2010/10/0262.jpg]
[fresnoposible.fresnodigital.info/wp-content/uploads/2010/10/0262-300x225.jpg]
[fresnoposible.fresnodigital.info/wp-content/uploads/2010/10/026.jpg]
[fresnoposible.fresnodigital.info/index601c.html]
[fresnoposible.fresnodigital.info/wp-content/uploads/2010/10/026-300x225.jpg]
[fresnoposible.fresnodigital.info/wp-content/uploads/2010/10/024.jpg]
[fresnoposible.fresnodigital.info/index71fc.html]
[fresnoposible.fresnodigital.info/wp-content/uploads/2010/10/024-300x225.jpg]
[fresnoposible.fresnodigital.info/wp-content/uploads/2010/10/023.jpg]
[fresnoposible.fresnodigital.info/wp-content/uploads/2010/10/023-300x225.jpg]
[fresnoposible.fresnodigital.info/wp-content/uploads/2010/10/021.jpg]
[fresnoposible.fresnodigital.info/indexf604.html]
[fresnoposible.fresnodigital.info/wp-content/uploads/2010/10/021-300x225.jpg]
[fresnoposible.fresnodigital.info/wp-content/uploads/2010/10/017.jpg]
[fresnoposible.fresnodigital.info/indexc518.html]
[fresnoposible.fresnodigital.info/wp-content/uploads/2010/10/017-300x225.jpg]
[fresnoposible.fresnodigital.info/wp-content/uploads/2010/10/018.jpg]
[fresnoposible.fresnodigital.info/wp-content/uploads/2010/10/018-300x225.jpg]
[fresnoposible.fresnodigital.info/wp-content/uploads/2010/10/014.jpg]
[fresnoposible.fresnodigital.info/indexba86.html]
[fresnoposible.fresnodigital.info/wp-content/uploads/2010/10/014-225x300.jpg]
[fresnoposible.fresnodigital.info/wp-content/uploads/2010/10/015-225x300.jpg]
[fresnoposible.fresnodigital.info/wp-content/uploads/2010/10/0131.jpg]
[fresnoposible.fresnodigital.info/wp-content/uploads/2010/10/0131-300x225.jpg]
[fresnoposible.fresnodigital.info/wp-content/uploads/2010/10/016.jpg]
[fresnoposible.fresnodigital.info/wp-content/uploads/2010/10/016-300x225.jpg]
[fresnoposible.fresnodigital.info/indexe3d5.html]
[fresnoposible.fresnodigital.info/wp-content/uploads/2010/09/020.jpg]
[fresnoposible.fresnodigital.info/index9076.html]
[fresnoposible.fresnodigital.info/wp-content/uploads/2010/09/020-300x225.jpg]
[fresnoposible.fresnodigital.info/wp-content/uploads/2010/09/0012.jpg]
[fresnoposible.fresnodigital.info/indexc524.html]
[fresnoposible.fresnodigital.info/wp-content/uploads/2010/09/0012-300x225.jpg]
[fresnoposible.fresnodigital.info/wp-content/uploads/2010/09/012.jpg]
[fresnoposible.fresnodigital.info/indexd6e1.html]
[fresnoposible.fresnodigital.info/wp-content/uploads/2010/09/012-300x225.jpg]
[fresnoposible.fresnodigital.info/wp-content/uploads/2010/09/011.jpg]
[fresnoposible.fresnodigital.info/indexe1a1.html]
[fresnoposible.fresnodigital.info/wp-content/uploads/2010/09/011-300x225.jpg]
[fresnoposible.fresnodigital.info/wp-content/uploads/2010/09/0101.jpg]
